
Started Import Process
# System Details: 
Debug Mode 		: Disabled
Operating System 	: WINNT
Software 		: Apache/2.4.33 (Win64) OpenSSL/1.0.2u mod_fcgid/2.3.9 PHP/8.1.0
MySQL version 		: 5.7.24
XML Reader 		: Yes
PHP Version 		: 8.1.0
PHP Max Input Vars 	: 1000
PHP Max Post Size 	: 1G
PHP Extension GD 	: Yes
PHP Max Execution Time 	: 300
Max Upload Size 	: 1,000 MB
Memory Limit 		: Current memory limit 40M. We recommend setting memory to at least 64M.
Timezone 		: 0

-----

Importing Started! - 02:33:45 UTC
---

WHY IMPORT PROCESS CAN FAIL? READ THIS - 
https://wpastra.com/docs/?p=1314&utm_source=demo-import-panel&utm_campaign=import-error&utm_medium=wp-dashboard

---
